- grid "table":
  - rowgroup:
    - row "Select All Name Description ID":
      - columnheader "Select All":
        - checkbox "Select All"
      - columnheader "Name"
      - columnheader "Description"
      - columnheader "ID"
  - rowgroup:
    - row "Name 1":
      - gridcell "Select Name 1":
        - checkbox "Select Name 1"
      - rowheader "Name 1"
      - gridcell "Some data"
      - gridcell /\d+/
    - row "Name 2":
      - gridcell "Select Name 2":
        - checkbox "Select Name 2"
      - rowheader "Name 2"
      - gridcell "Some data"
      - gridcell /\d+/
    - row "Name 3":
      - gridcell "Select Name 3":
        - checkbox "Select Name 3"
      - rowheader "Name 3"
      - gridcell "Some data"
      - gridcell /\d+/
    - row "Name 4":
      - gridcell "Select Name 4":
        - checkbox "Select Name 4"
      - rowheader "Name 4"
      - gridcell "Some data"
      - gridcell /\d+/