- button "Dismiss"
- menu "Trigger":
  - menuitem "Add"
  - menuitem "Edit"
  - menuitem "Delete"
- button "Dismiss"