- link "Hover"
- link "Focus Visible"
- link "Disabled" [disabled]
- link "Active"