- alert:
  - img "Error icon"
  - heading "Heading" [level=3]
  - text: Content