- group:
  - button "First"
  - button "Second"
  - button "Third"