- grid:
  - row "Item one options":
    - gridcell "Item one options":
      - button "options"
  - row "Item two options":
    - gridcell "Item two options":
      - button "options"
  - row "Item three options":
    - gridcell "Item three options":
      - button "options"