- button "Button" [disabled]
- button "create" [disabled]