- tablist "tabs":
  - tab "Tab 1"
  - tab "Tab 2"
  - tab "Tab 3"
- tabpanel