- listbox "Items":
  - option "Resting"
  - option "Active"
  - option "Focus Visible"
  - option "Disabled" [disabled]