- button "Copy a-to-b to your clipboard."
- button "Copy add to your clipboard."
- button "Copy add-circle to your clipboard."
- button "Copy add-circle-outline to your clipboard."
- button "Copy alert-rhombus to your clipboard."
- button "Copy analyze to your clipboard."
- button "Copy animal-cat to your clipboard."
- button "Copy animal-turtle to your clipboard."
- button "Copy api to your clipboard."
- button "Copy application to your clipboard."
- button "Copy application-plus to your clipboard."
- button "Copy application-plus-outline to your clipboard."
- button "Copy approval-applied to your clipboard."
- button "Copy approval-approved to your clipboard."
- button "Copy approval-denied to your clipboard."
- button "Copy approval-pending to your clipboard."
- button "Copy approvals to your clipboard."
- button "Copy archive to your clipboard."
- button "Copy archive-outline to your clipboard."
- button "Copy arrow-connect to your clipboard."
- button "Copy arrow-connect-star to your clipboard."
- button "Copy arrow-connect-star-outline to your clipboard."
- button "Copy arrow-down-thin to your clipboard."
- button "Copy arrow-left-thin to your clipboard."
- button "Copy arrow-right-thin to your clipboard."
- button "Copy arrow-undo to your clipboard."
- button "Copy arrow-up-right-circle to your clipboard."
- button "Copy arrow-up-right-circle-outline to your clipboard."
- button "Copy arrow-up-thin to your clipboard."
- button "Copy arrows-maximize to your clipboard."
- button "Copy article to your clipboard."
- button "Copy backslash to your clipboard."
- button "Copy binary to your clipboard."
- button "Copy bolt to your clipboard."
- button "Copy book to your clipboard."
- button "Copy book-code to your clipboard."
- button "Copy book-outline to your clipboard."
- button "Copy border-all to your clipboard."
- button "Copy brain to your clipboard."
- button "Copy broom to your clipboard."
- button "Copy bug to your clipboard."
- button "Copy building to your clipboard."
- button "Copy building-arrow-up-right to your clipboard."
- button "Copy building-gear to your clipboard."
- button "Copy bullhorn to your clipboard."
- button "Copy bullseye to your clipboard."
- button "Copy bullseye-arrow to your clipboard."
- button "Copy calculator to your clipboard."
- button "Copy calendar to your clipboard."
- button "Copy calendar-cancel to your clipboard."
- button "Copy calendar-schedule to your clipboard."
- button "Copy cancel to your clipboard."
- button "Copy cancel-circle to your clipboard."
- button "Copy cancel-circle-outline to your clipboard."
- button "Copy caret-down to your clipboard."
- button "Copy caret-left to your clipboard."
- button "Copy caret-right to your clipboard."
- button "Copy caret-up to your clipboard."
- button "Copy certificate to your clipboard."
- button "Copy change-history to your clipboard."
- button "Copy chart-area to your clipboard."
- button "Copy chart-bar to your clipboard."
- button "Copy chart-cube-root to your clipboard."
- button "Copy chart-dashboard to your clipboard."
- button "Copy chart-histogram to your clipboard."
- button "Copy chart-infographic to your clipboard."
- button "Copy chart-line to your clipboard."
- button "Copy chart-lines-crossed to your clipboard."
- button "Copy chart-pie to your clipboard."
- button "Copy chart-venn to your clipboard."
- button "Copy chart-venn-bolt to your clipboard."
- button "Copy chat-bubble to your clipboard."
- button "Copy chat-bubble-outline to your clipboard."
- button "Copy check to your clipboard."
- button "Copy check-circle to your clipboard."
- button "Copy check-circle-outline to your clipboard."
- button "Copy checklist to your clipboard."
- button "Copy chevron-down to your clipboard."
- button "Copy chevron-left to your clipboard."
- button "Copy chevron-right to your clipboard."
- button "Copy chevron-up to your clipboard."
- button "Copy chevrons-in to your clipboard."
- button "Copy chevrons-left to your clipboard."
- button "Copy chevrons-out to your clipboard."
- button "Copy chevrons-right to your clipboard."
- button "Copy circle to your clipboard."
- button "Copy circle-dashed to your clipboard."
- button "Copy circle-outline to your clipboard."
- button "Copy click to your clipboard."
- button "Copy clipboard-edit to your clipboard."
- button "Copy clock to your clipboard."
- button "Copy clock-alert to your clipboard."
- button "Copy clock-x to your clipboard."
- button "Copy clock-history to your clipboard."
- button "Copy cloud to your clipboard."
- button "Copy cloud-filter to your clipboard."
- button "Copy cloud-search to your clipboard."
- button "Copy code-circle to your clipboard."
- button "Copy code-circle-outline to your clipboard."
- button "Copy coins to your clipboard."
- button "Copy compass to your clipboard."
- button "Copy compass-outline to your clipboard."
- button "Copy confetti to your clipboard."
- button "Copy copy-clipboard to your clipboard."
- button "Copy copy-code to your clipboard."
- button "Copy copy-content to your clipboard."
- button "Copy created to your clipboard."
- button "Copy credit-card to your clipboard."
- button "Copy crown to your clipboard."
- button "Copy crown-outline to your clipboard."
- button "Copy data to your clipboard."
- button "Copy data-export to your clipboard."
- button "Copy delete to your clipboard."
- button "Copy dependency to your clipboard."
- button "Copy device-desktop to your clipboard."
- button "Copy device-mobile to your clipboard."
- button "Copy device-server to your clipboard."
- button "Copy devices to your clipboard."
- button "Copy diamond to your clipboard."
- button "Copy diamond-outline to your clipboard."
- button "Copy document-question to your clipboard."
- button "Copy door-exit to your clipboard."
- button "Copy download to your clipboard."
- button "Copy edit to your clipboard."
- button "Copy edit-circle to your clipboard."
- button "Copy equal-circle to your clipboard."
- button "Copy extension to your clipboard."
- button "Copy filter to your clipboard."
- button "Copy filter-list to your clipboard."
- button "Copy filter-tune to your clipboard."
- button "Copy fingerprint to your clipboard."
- button "Copy fingerprint-bolt to your clipboard."
- button "Copy flag to your clipboard."
- button "Copy flag-code to your clipboard."
- button "Copy flag-heart to your clipboard."
- button "Copy flag-outline to your clipboard."
- button "Copy flask to your clipboard."
- button "Copy flask-arrow to your clipboard."
- button "Copy flask-bolt to your clipboard."
- button "Copy flask-caution to your clipboard."
- button "Copy flask-end to your clipboard."
- button "Copy flask-pause to your clipboard."
- button "Copy flask-play to your clipboard."
- button "Copy flask-stop to your clipboard."
- button "Copy flask-sync to your clipboard."
- button "Copy flask-x to your clipboard."
- button "Copy folders to your clipboard."
- button "Copy forward to your clipboard."
- button "Copy gear to your clipboard."
- button "Copy gear-outline to your clipboard."
- button "Copy globe to your clipboard."
- button "Copy globe-check to your clipboard."
- button "Copy graduation-cap to your clipboard."
- button "Copy graduation-cap-outline to your clipboard."
- button "Copy grip-horiz to your clipboard."
- button "Copy grip-vert to your clipboard."
- button "Copy group to your clipboard."
- button "Copy group-outline to your clipboard."
- button "Copy half-circle to your clipboard."
- button "Copy handshake to your clipboard."
- button "Copy hash to your clipboard."
- button "Copy help to your clipboard."
- button "Copy help-circle to your clipboard."
- button "Copy help-circle-outline to your clipboard."
- button "Copy holdout to your clipboard."
- button "Copy hub to your clipboard."
- button "Copy id-badge to your clipboard."
- button "Copy id-card to your clipboard."
- button "Copy inbox to your clipboard."
- button "Copy inbox-outline to your clipboard."
- button "Copy individual-target to your clipboard."
- button "Copy info to your clipboard."
- button "Copy info-circle to your clipboard."
- button "Copy info-circle-outline to your clipboard."
- button "Copy key to your clipboard."
- button "Copy lightbulb to your clipboard."
- button "Copy link to your clipboard."
- button "Copy link-external to your clipboard."
- button "Copy list to your clipboard."
- button "Copy lock to your clipboard."
- button "Copy magic-wand to your clipboard."
- button "Copy mail-question to your clipboard."
- button "Copy map to your clipboard."
- button "Copy map-check to your clipboard."
- button "Copy map-code to your clipboard."
- button "Copy map-search to your clipboard."
- button "Copy markdown-on to your clipboard."
- button "Copy markdown-off to your clipboard."
- button "Copy menu to your clipboard."
- button "Copy metric-funnel to your clipboard."
- button "Copy metric-group to your clipboard."
- button "Copy minus to your clipboard."
- button "Copy minus-circle to your clipboard."
- button "Copy minus-circle-outline to your clipboard."
- button "Copy money to your clipboard."
- button "Copy more-horiz to your clipboard."
- button "Copy more-vert to your clipboard."
- button "Copy network-cloud to your clipboard."
- button "Copy notifications to your clipboard."
- button "Copy notifications-add to your clipboard."
- button "Copy notifications-check to your clipboard."
- button "Copy notifications-gear to your clipboard."
- button "Copy notifications-outline to your clipboard."
- button "Copy notifications-off to your clipboard."
- button "Copy notifications-tilt to your clipboard."
- button "Copy osmo to your clipboard."
- button "Copy package to your clipboard."
- button "Copy package-outline to your clipboard."
- button "Copy package-outline-bolt to your clipboard."
- button "Copy package-send to your clipboard."
- button "Copy password to your clipboard."
- button "Copy pause to your clipboard."
- button "Copy percentage to your clipboard."
- button "Copy person to your clipboard."
- button "Copy person-add to your clipboard."
- button "Copy person-check to your clipboard."
- button "Copy person-circle to your clipboard."
- button "Copy person-circle-outline to your clipboard."
- button "Copy person-gear to your clipboard."
- button "Copy person-off to your clipboard."
- button "Copy person-outline to your clipboard."
- button "Copy person-password to your clipboard."
- button "Copy person-remove to your clipboard."
- button "Copy play to your clipboard."
- button "Copy play-circle to your clipboard."
- button "Copy play-circle-outline to your clipboard."
- button "Copy plug to your clipboard."
- button "Copy plug-connect to your clipboard."
- button "Copy plug-connect-gear to your clipboard."
- button "Copy plug-connect-outline to your clipboard."
- button "Copy preview to your clipboard."
- button "Copy progress to your clipboard."
- button "Copy progress-check to your clipboard."
- button "Copy pulse to your clipboard."
- button "Copy quick-start to your clipboard."
- button "Copy robot to your clipboard."
- button "Copy ruler to your clipboard."
- button "Copy ruler-bolt to your clipboard."
- button "Copy search to your clipboard."
- button "Copy shield-account to your clipboard."
- button "Copy shield-account-outline to your clipboard."
- button "Copy shield-alert to your clipboard."
- button "Copy shield-alert-outline to your clipboard."
- button "Copy shield-heart to your clipboard."
- button "Copy shield-heart-outline to your clipboard."
- button "Copy shield-key to your clipboard."
- button "Copy shield-key-outline to your clipboard."
- button "Copy ship to your clipboard."
- button "Copy ship-outline to your clipboard."
- button "Copy sidebar-left-collapse to your clipboard."
- button "Copy sidebar-left-expand to your clipboard."
- button "Copy sidebar-right-collapse to your clipboard."
- button "Copy sidebar-right-expand to your clipboard."
- button "Copy slash to your clipboard."
- button "Copy sort to your clipboard."
- button "Copy sort-asc to your clipboard."
- button "Copy sort-desc to your clipboard."
- button "Copy sparkle to your clipboard."
- button "Copy sparkles to your clipboard."
- button "Copy speedometer to your clipboard."
- button "Copy star to your clipboard."
- button "Copy star-circle to your clipboard."
- button "Copy star-outline to your clipboard."
- button "Copy status-active to your clipboard."
- button "Copy status-inactive to your clipboard."
- button "Copy status-launched to your clipboard."
- button "Copy status-new to your clipboard."
- button "Copy stop to your clipboard."
- button "Copy stop-circle to your clipboard."
- button "Copy stop-circle-outline to your clipboard."
- button "Copy swap-horiz to your clipboard."
- button "Copy swap-vertical to your clipboard."
- button "Copy sync to your clipboard."
- button "Copy tag to your clipboard."
- button "Copy temperature to your clipboard."
- button "Copy terminal to your clipboard."
- button "Copy text-box-search to your clipboard."
- button "Copy theme-dark to your clipboard."
- button "Copy theme-light to your clipboard."
- button "Copy thumb-down-outline to your clipboard."
- button "Copy thumb-up to your clipboard."
- button "Copy thumb-up-outline to your clipboard."
- button "Copy timeline-text to your clipboard."
- button "Copy toggle-bolt to your clipboard."
- button "Copy toggle-off to your clipboard."
- button "Copy toggle-on to your clipboard."
- button "Copy toggle-stack to your clipboard."
- button "Copy tokens to your clipboard."
- button "Copy tools to your clipboard."
- button "Copy triangle-square-circle to your clipboard."
- button "Copy upload to your clipboard."
- button "Copy visibility to your clipboard."
- button "Copy visibility-off to your clipboard."
- button "Copy visibility-scan to your clipboard."
- button "Copy warning to your clipboard."
- button "Copy warning-outline to your clipboard."