- button "Dismiss"
- dialog "Trigger": Message
- button "Dismiss"