- text: Focus Visible
- textbox "Focus Visible"
- text: Invalid
- textbox "Invalid"
- text: Disabled
- textbox "Disabled" [disabled]