- button "DropZone Drop object here"
- text: Drop object here