- radiogroup:
  - radio "flask"
  - radio "flag"
  - radio "toggle"