- button "first"
- button "previous"
- text: 1-2 of 4
- button "next"
- button "last"