- text: Label
- group:
  - searchbox "Label"
- text: Description