- alert:
  - img "Success icon"
  - heading "Heading" [level=3]
  - text: Content