- text: Focus Visible
- group:
  - textbox "Focus Visible"
  - button "decrement Focus Visible"
  - button "increment Focus Visible"
- text: Invalid
- group:
  - textbox "Invalid"
  - button "decrement Invalid"
  - button "increment Invalid"
- text: Disabled
- group [disabled]:
  - textbox "Disabled" [disabled]
  - button "decrement Disabled" [disabled]
  - button "increment Disabled" [disabled]