- alert:
  - heading "Heading" [level=3]
  - text: Content