- grid:
  - row "No results found":
    - gridcell "No results found"