- text: Focus Visible
- group "Focus Visible":
  - group "Focus Visible":
    - spinbutton "month, Focus Visible"
    - spinbutton "day, Focus Visible"
    - spinbutton "year, Focus Visible"
- text: Invalid
- group "Invalid":
  - group "Invalid":
    - spinbutton "month, Invalid"
    - spinbutton "day, Invalid"
    - spinbutton "year, Invalid"
- text: Disabled
- group "Disabled" [disabled]:
  - group "Disabled" [disabled]:
    - spinbutton "month, Disabled" [disabled]
    - spinbutton "day, Disabled" [disabled]
    - spinbutton "year, Disabled" [disabled]