- grid:
  - row "Select Item one options":
    - gridcell "Select Item one options":
      - checkbox "Select Item one options"
      - button "options"
  - row "Select Item two options":
    - gridcell "Select Item two options":
      - checkbox "Select Item two options"
      - button "options"
  - row "Select Item three options":
    - gridcell "Select Item three options":
      - checkbox "Select Item three options"
      - button "options"