- listbox "Items":
  - option "Add"
  - option "Edit"
  - option "Delete"