- grid "table":
  - rowgroup:
    - row "Drag Name Description ID":
      - columnheader "Drag"
      - columnheader "Name"
      - columnheader "Description"
      - columnheader "ID"
  - rowgroup:
    - row "Name 1":
      - gridcell "Drag Name 1":
        - button "Drag Name 1"
      - rowheader "Name 1"
      - gridcell "Some data"
      - gridcell /\d+/
    - row "Name 2":
      - gridcell "Drag Name 2":
        - button "Drag Name 2"
      - rowheader "Name 2"
      - gridcell "Some data"
      - gridcell /\d+/
    - row "Name 3":
      - gridcell "Drag Name 3":
        - button "Drag Name 3"
      - rowheader "Name 3"
      - gridcell "Some data"
      - gridcell /\d+/
    - row "Name 4":
      - gridcell "Drag Name 4":
        - button "Drag Name 4"
      - rowheader "Name 4"
      - gridcell "Some data"
      - gridcell /\d+/