- group:
  - button "Split button"
  - button "open"