- text: Label
- button "Select an item Label"
- text: Description